mergesort 6921 ms
qsort 1079 ms
